[    0.000000] Initializing cgroup subsys cpuset
[    0.000000] Initializing cgroup subsys cpu
[    0.000000] Initializing cgroup subsys cpuacct
[    0.000000] Linux version 4.4.0-83-generic (buildd@lgw01-29) (gcc version 5.4.0 20160609 (Ubuntu 5.4.0-6ubuntu1~16.04.4) ) #106-Ubuntu SMP Mon Jun 26 17:54:43 UTC 2017 (Ubuntu 4.4.0-83.106-generic 4.4.70)
[    0.000000] Command line: BOOT_IMAGE=/boot/vmlinuz-4.4.0-83-generic root=LABEL=cloudimg-rootfs ro console=tty1 console=ttyS0
[    0.000000] KERNEL supported cpus:
[    0.000000]   Intel GenuineIntel
[    0.000000]   AMD AuthenticAMD
[    0.000000]   Centaur CentaurHauls
[    0.000000] x86/fpu: Legacy x87 FPU detected.
[    0.000000] x86/fpu: Using 'lazy' FPU context switches.
[    0.000000] e820: BIOS-provided physical RAM map:
[    0.000000] BIOS-e820: [mem 0x0000000000000000-0x000000000009fbff] usable
[    0.000000] BIOS-e820: [mem 0x000000000009fc00-0x000000000009ffff] reserved
[    0.000000] BIOS-e820: [mem 0x00000000000f0000-0x00000000000fffff] reserved
[    0.000000] BIOS-e820: [mem 0x0000000000100000-0x000000003ffeffff] usable
[    0.000000] BIOS-e820: [mem 0x000000003fff0000-0x000000003fffffff] ACPI data
[    0.000000] BIOS-e820: [mem 0x00000000fec00000-0x00000000fec00fff] reserved
[    0.000000] BIOS-e820: [mem 0x00000000fee00000-0x00000000fee00fff] reserved
[    0.000000] BIOS-e820: [mem 0x00000000fffc0000-0x00000000ffffffff] reserved
[    0.000000] NX (Execute Disable) protection: active
[    0.000000] SMBIOS 2.5 present.
[    0.000000] Hypervisor detected: KVM
[    0.000000] AGP: No AGP bridge found
[    0.000000] e820: last_pfn = 0x3fff0 max_arch_pfn = 0x400000000
[    0.000000] MTRR: Disabled
[    0.000000] x86/PAT: MTRRs disabled, skipping PAT initialization too.
[    0.000000] x86/PAT: Configuration [0-7]: WB  WT  UC- UC  WB  WT  UC- UC  
[    0.000000] CPU MTRRs all blank - virtualized system.
[    0.000000] found SMP MP-table at [mem 0x0009fff0-0x0009ffff] mapped at [ffff88000009fff0]
[    0.000000] Scanning 1 areas for low memory corruption
[    0.000000] RAMDISK: [mem 0x36aca000-0x3755cfff]
[    0.000000] ACPI: Early table checksum verification disabled
[    0.000000] ACPI: RSDP 0x00000000000E0000 000024 (v02 VBOX  )
[    0.000000] ACPI: XSDT 0x000000003FFF0030 00003C (v01 VBOX   VBOXXSDT 00000001 ASL  00000061)
[    0.000000] ACPI: FACP 0x000000003FFF00F0 0000F4 (v04 VBOX   VBOXFACP 00000001 ASL  00000061)
[    0.000000] ACPI: DSDT 0x000000003FFF0470 0021C8 (v02 VBOX   VBOXBIOS 00000002 INTL 20160831)
[    0.000000] ACPI: FACS 0x000000003FFF0200 000040
[    0.000000] ACPI: FACS 0x000000003FFF0200 000040
[    0.000000] ACPI: APIC 0x000000003FFF0240 00005C (v02 VBOX   VBOXAPIC 00000001 ASL  00000061)
[    0.000000] ACPI: SSDT 0x000000003FFF02A0 0001CC (v01 VBOX   VBOXCPUT 00000002 INTL 20160831)
[    0.000000] No NUMA configuration found
[    0.000000] Faking a node at [mem 0x0000000000000000-0x000000003ffeffff]
[    0.000000] NODE_DATA(0) allocated [mem 0x3ffeb000-0x3ffeffff]
[    0.000000] kvm-clock: Using msrs 4b564d01 and 4b564d00
[    0.000000] kvm-clock: cpu 0, msr 0:3ffe3001, primary cpu clock
[    0.000000] kvm-clock: using sched offset of 3426924345 cycles
[    0.000000] clocksource: kvm-clock: mask: 0xffffffffffffffff max_cycles: 0x1cd42e4dffb, max_idle_ns: 881590591483 ns
[    0.000000] Zone ranges:
[    0.000000]   DMA      [mem 0x0000000000001000-0x0000000000ffffff]
[    0.000000]   DMA32    [mem 0x0000000001000000-0x000000003ffeffff]
[    0.000000]   Normal   empty
[    0.000000]   Device   empty
[    0.000000] Movable zone start for each node
[    0.000000] Early memory node ranges
[    0.000000]   node   0: [mem 0x0000000000001000-0x000000000009efff]
[    0.000000]   node   0: [mem 0x0000000000100000-0x000000003ffeffff]
[    0.000000] Initmem setup node 0 [mem 0x0000000000001000-0x000000003ffeffff]
[    0.000000] ACPI: PM-Timer IO Port: 0x4008
[    0.000000] IOAPIC[0]: apic_id 2, version 32, address 0xfec00000, GSI 0-23
[    0.000000] ACPI: INT_SRC_OVR (bus 0 bus_irq 0 global_irq 2 dfl dfl)
[    0.000000] ACPI: INT_SRC_OVR (bus 0 bus_irq 9 global_irq 9 high level)
[    0.000000] Using ACPI (MADT) for SMP configuration information
[    0.000000] smpboot: Allowing 2 CPUs, 0 hotplug CPUs
[    0.000000] PM: Registered nosave memory: [mem 0x00000000-0x00000fff]
[    0.000000] PM: Registered nosave memory: [mem 0x0009f000-0x0009ffff]
[    0.000000] PM: Registered nosave memory: [mem 0x000a0000-0x000effff]
[    0.000000] PM: Registered nosave memory: [mem 0x000f0000-0x000fffff]
[    0.000000] e820: [mem 0x40000000-0xfebfffff] available for PCI devices
[    0.000000] Booting paravirtualized kernel on KVM
[    0.000000] clocksource: refined-jiffies: mask: 0xffffffff max_cycles: 0xffffffff, max_idle_ns: 7645519600211568 ns
[    0.000000] setup_percpu: NR_CPUS:512 nr_cpumask_bits:512 nr_cpu_ids:2 nr_node_ids:1
[    0.000000] PERCPU: Embedded 33 pages/cpu @ffff88003fc00000 s98264 r8192 d28712 u1048576
[    0.000000] PV qspinlock hash table entries: 256 (order: 0, 4096 bytes)
[    0.000000] Built 1 zonelists in Node order, mobility grouping on.  Total pages: 257913
[    0.000000] Policy zone: DMA32
[    0.000000] Kernel command line: BOOT_IMAGE=/boot/vmlinuz-4.4.0-83-generic root=LABEL=cloudimg-rootfs ro console=tty1 console=ttyS0
[    0.000000] PID hash table entries: 4096 (order: 3, 32768 bytes)
[    0.000000] AGP: Checking aperture...
[    0.000000] AGP: No AGP bridge found
[    0.000000] Memory: 1001748K/1048120K available (8469K kernel code, 1294K rwdata, 3984K rodata, 1488K init, 1316K bss, 46372K reserved, 0K cma-reserved)
[    0.000000] SLUB: HWalign=64, Order=0-3, MinObjects=0, CPUs=2, Nodes=1
[    0.000000] Hierarchical RCU implementation.
[    0.000000] 	Build-time adjustment of leaf fanout to 64.
[    0.000000] 	RCU restricting CPUs from NR_CPUS=512 to nr_cpu_ids=2.
[    0.000000] RCU: Adjusting geometry for rcu_fanout_leaf=64, nr_cpu_ids=2
[    0.000000] NR_IRQS:33024 nr_irqs:440 16
[    0.000000] Console: colour VGA+ 80x25
[    0.000000] console [tty1] enabled
[    0.000000] console [ttyS0] enabled
[    0.000000] tsc: Detected 3214.430 MHz processor
[    0.000000] tsc: Marking TSC unstable due to TSCs unsynchronized
[    0.004000] Calibrating delay loop (skipped) preset value.. 6428.86 BogoMIPS (lpj=12857720)
[    0.004008] pid_max: default: 32768 minimum: 301
[    0.006003] ACPI: Core revision 20150930
[    0.008767] ACPI: 2 ACPI AML tables successfully acquired and loaded
[    0.010220] Security Framework initialized
[    0.011149] Yama: becoming mindful.
[    0.011996] AppArmor: AppArmor initialized
[    0.012085] Dentry cache hash table entries: 131072 (order: 8, 1048576 bytes)
[    0.013821] Inode-cache hash table entries: 65536 (order: 7, 524288 bytes)
[    0.017189] Mount-cache hash table entries: 2048 (order: 2, 16384 bytes)
[    0.018663] Mountpoint-cache hash table entries: 2048 (order: 2, 16384 bytes)
[    0.020203] Initializing cgroup subsys io
[    0.021264] Initializing cgroup subsys memory
[    0.022271] Initializing cgroup subsys devices
[    0.023303] Initializing cgroup subsys freezer
[    0.024007] Initializing cgroup subsys net_cls
[    0.025002] Initializing cgroup subsys perf_event
[    0.026049] Initializing cgroup subsys net_prio
[    0.028008] Initializing cgroup subsys hugetlb
[    0.029009] Initializing cgroup subsys pids
[    0.030017] CPU: Physical Processor ID: 0
[    0.030922] CPU: Processor Core ID: 0
[    0.031764] mce: CPU supports 0 MCE banks
[    0.032017] process: using AMD E400 aware idle routine
[    0.033100] Last level iTLB entries: 4KB 512, 2MB 16, 4MB 8
[    0.034286] Last level dTLB entries: 4KB 512, 2MB 128, 4MB 64, 1GB 0
[    0.037585] Freeing SMP alternatives memory: 32K (ffffffff820b9000 - ffffffff820c1000)
[    0.046752] ftrace: allocating 32129 entries in 126 pages
[    0.060128] smpboot: APIC(0) Converting physical 0 to logical package 0
[    0.064005] smpboot: Max logical packages: 1
[    0.068064] x2apic enabled
[    0.069055] Switched APIC routing to physical x2apic.
[    0.071307] ..TIMER: vector=0x30 apic1=0 pin1=2 apic2=-1 pin2=-1
[    0.076000] APIC calibration not consistent with PM-Timer: 104ms instead of 100ms
[    0.076000] APIC delta adjusted to PM-Timer: 6260571 (6516431)
[    0.076102] smpboot: CPU0: AMD Athlon(tm) II X2 260 Processor (family: 0x10, model: 0x6, stepping: 0x3)
[    0.079530] Performance Events: Broken PMU hardware detected, using software events only.
[    0.081302] Failed to access perfctr msr (MSR c0010007 is 0)
[    0.082522] KVM setup paravirtual spinlock
[    0.084205] x86: Booting SMP configuration:
[    0.085175] .... node  #0, CPUs:      #1
[    0.004000] kvm-clock: cpu 1, msr 0:3ffe3041, secondary cpu clock
[    0.004000] mce: CPU supports 0 MCE banks
[    0.092703] x86: Booted up 1 node, 2 CPUs
[    0.096012] smpboot: Total of 2 processors activated (12857.72 BogoMIPS)
[    0.097683] devtmpfs: initialized
[    0.102338] evm: security.selinux
[    0.103138] evm: security.SMACK64
[    0.104002] evm: security.SMACK64EXEC
[    0.104843] evm: security.SMACK64TRANSMUTE
[    0.105766] evm: security.SMACK64MMAP
[    0.106613] evm: security.ima
[    0.108001] evm: security.capability
[    0.108997] clocksource: jiffies: mask: 0xffffffff max_cycles: 0xffffffff, max_idle_ns: 7645041785100000 ns
[    0.111069] futex hash table entries: 512 (order: 3, 32768 bytes)
[    0.112059] pinctrl core: initialized pinctrl subsystem
[    0.113269] RTC time: 19:14:52, date: 07/18/17
[    0.116031] NET: Registered protocol family 16
[    0.128039] cpuidle: using governor ladder
[    0.144028] cpuidle: using governor menu
[    0.148023] PCCT header not found.
[    0.149284] ACPI: bus type PCI registered
[    0.152007] acpiphp: ACPI Hot Plug PCI Controller Driver version: 0.5
[    0.153497] PCI: Using configuration type 1 for base access
[    0.154749] PCI: Using configuration type 1 for extended access
[    0.168164] ACPI: Added _OSI(Module Device)
[    0.172019] ACPI: Added _OSI(Processor Device)
[    0.173321] ACPI: Added _OSI(3.0 _SCP Extensions)
[    0.176008] ACPI: Added _OSI(Processor Aggregator Device)
[    0.180589] ACPI: Executed 1 blocks of module-level executable AML code
[    0.185015] ACPI: Interpreter enabled
[    0.185871] ACPI: (supports S0 S5)
[    0.186667] ACPI: Using IOAPIC for interrupt routing
[    0.188146] PCI: Using host bridge windows from ACPI; if necessary, use "pci=nocrs" and report a bug
[    0.194470] ACPI: PCI Root Bridge [PCI0] (domain 0000 [bus 00-ff])
[    0.196007] acpi PNP0A03:00: _OSC: OS supports [ExtendedConfig ASPM ClockPM Segments MSI]
[    0.200012] acpi PNP0A03:00: _OSC failed (AE_NOT_FOUND); disabling ASPM
[    0.201567] PCI host bridge to bus 0000:00
[    0.202585] pci_bus 0000:00: root bus resource [io  0x0000-0x0cf7 window]
[    0.204006] pci_bus 0000:00: root bus resource [io  0x0d00-0xffff window]
[    0.206112] pci_bus 0000:00: root bus resource [mem 0x000a0000-0x000bffff window]
[    0.208009] pci_bus 0000:00: root bus resource [mem 0x40000000-0xffdfffff window]
[    0.212016] pci_bus 0000:00: root bus resource [bus 00-ff]
[    0.214157] pci 0000:00:01.1: legacy IDE quirk: reg 0x10: [io  0x01f0-0x01f7]
[    0.216003] pci 0000:00:01.1: legacy IDE quirk: reg 0x14: [io  0x03f6]
[    0.217303] pci 0000:00:01.1: legacy IDE quirk: reg 0x18: [io  0x0170-0x0177]
[    0.218733] pci 0000:00:01.1: legacy IDE quirk: reg 0x1c: [io  0x0376]
[    0.261204] pci 0000:00:07.0: quirk: [io  0x4000-0x403f] claimed by PIIX4 ACPI
[    0.264028] pci 0000:00:07.0: quirk: [io  0x4100-0x410f] claimed by PIIX4 SMB
[    0.299088] ACPI: PCI Interrupt Link [LNKA] (IRQs 5 9 10 *11)
[    0.301399] ACPI: PCI Interrupt Link [LNKB] (IRQs 5 9 10 *11)
[    0.303422] ACPI: PCI Interrupt Link [LNKC] (IRQs 5 9 *10 11)
[    0.312381] ACPI: PCI Interrupt Link [LNKD] (IRQs 5 *9 10 11)
[    0.316801] ACPI: Enabled 2 GPEs in block 00 to 07
[    0.320060] vgaarb: setting as boot device: PCI:0000:00:02.0
[    0.321814] vgaarb: device added: PCI:0000:00:02.0,decodes=io+mem,owns=io+mem,locks=none
[    0.323564] vgaarb: loaded
[    0.324005] vgaarb: bridge control possible 0000:00:02.0
[    0.325392] SCSI subsystem initialized
[    0.326309] ACPI: bus type USB registered
[    0.326309] usbcore: registered new interface driver usbfs
[    0.328013] usbcore: registered new interface driver hub
[    0.329269] usbcore: registered new device driver usb
[    0.332100] PCI: Using ACPI for IRQ routing
[    0.334065] NetLabel: Initializing
[    0.334859] NetLabel:  domain hash size = 128
[    0.336006] NetLabel:  protocols = UNLABELED CIPSOv4
[    0.337066] NetLabel:  unlabeled traffic allowed by default
[    0.338276] amd_nb: Cannot enumerate AMD northbridges
[    0.340043] clocksource: Switched to clocksource kvm-clock
[    0.351581] AppArmor: AppArmor Filesystem Enabled
[    0.352845] pnp: PnP ACPI init
[    0.354176] pnp: PnP ACPI: found 3 devices
[    0.367761] clocksource: acpi_pm: mask: 0xffffff max_cycles: 0xffffff, max_idle_ns: 2085701024 ns
[    0.369859] NET: Registered protocol family 2
[    0.371223] TCP established hash table entries: 8192 (order: 4, 65536 bytes)
[    0.372668] TCP bind hash table entries: 8192 (order: 5, 131072 bytes)
[    0.374001] TCP: Hash tables configured (established 8192 bind 8192)
[    0.375358] UDP hash table entries: 512 (order: 2, 16384 bytes)
[    0.376605] UDP-Lite hash table entries: 512 (order: 2, 16384 bytes)
[    0.377956] NET: Registered protocol family 1
[    0.378917] pci 0000:00:00.0: Limiting direct PCI/PCI transfers
[    0.380159] pci 0000:00:01.0: Activating ISA DMA hang workarounds
[    0.382695] Unpacking initramfs...
[    2.428632] Freeing initrd memory: 10828K (ffff880036aca000 - ffff88003755d000)
[    2.651536] clocksource: tsc: mask: 0xffffffffffffffff max_cycles: 0x2e5589bdf5f, max_idle_ns: 440795345747 ns
[    2.669120] platform rtc_cmos: registered platform RTC device (no PNP device found)
[    2.670945] Scanning for low memory corruption every 60 seconds
[    2.672545] audit: initializing netlink subsys (disabled)
[    2.675290] audit: type=2000 audit(1500405300.206:1): initialized
[    2.678223] Initialise system trusted keyring
[    2.680122] HugeTLB registered 2 MB page size, pre-allocated 0 pages
[    2.926375] zbud: loaded
[    2.992785] VFS: Disk quotas dquot_6.6.0
[    2.993989] VFS: Dquot-cache hash table entries: 512 (order 0, 4096 bytes)
[    2.996051] squashfs: version 4.0 (2009/01/31) Phillip Lougher
[    2.998335] fuse init (API version 7.23)
[    3.000212] Key type big_key registered
[    3.001118] Allocating IMA MOK and blacklist keyrings.
[    3.013639] Key type asymmetric registered
[    3.074590] Asymmetric key parser 'x509' registered
[    3.075720] Block layer SCSI generic (bsg) driver version 0.4 loaded (major 249)
[    3.077904] io scheduler noop registered
[    3.089652] io scheduler deadline registered (default)
[    3.090849] io scheduler cfq registered
[    3.091851] pci_hotplug: PCI Hot Plug PCI Core version: 0.5
[    3.093114] pciehp: PCI Express Hot Plug Controller Driver version: 0.4
[    3.094661] ACPI: AC Adapter [AC] (on-line)
[    3.095658] input: Power Button as /devices/LNXSYSTM:00/LNXPWRBN:00/input/input0
[    3.110616] ACPI: Power Button [PWRF]
[    3.111543] input: Sleep Button as /devices/LNXSYSTM:00/LNXSLPBN:00/input/input1
[    3.113292] ACPI: Sleep Button [SLPF]
[    3.115609] GHES: HEST is not enabled!
[    3.116960] Serial: 8250/16550 driver, 32 ports, IRQ sharing enabled
[    3.139204] 00:02: ttyS0 at I/O 0x3f8 (irq = 4, base_baud = 115200) is a 16550A
[    3.151009] Linux agpgart interface v0.103
[    3.166545] loop: module loaded
[    3.286472] scsi host0: ata_piix
[    3.289719] scsi host1: ata_piix
[    3.290834] ata1: PATA max UDMA/33 cmd 0x1f0 ctl 0x3f6 bmdma 0xd000 irq 14
[    3.292608] ata2: PATA max UDMA/33 cmd 0x170 ctl 0x376 bmdma 0xd008 irq 15
[    3.316618] libphy: Fixed MDIO Bus: probed
[    3.317786] tun: Universal TUN/TAP device driver, 1.6
[    3.318867] tun: (C) 1999-2004 Max Krasnyansky <maxk@qualcomm.com>
[    3.320488] PPP generic driver version 2.4.2
[    3.321658] ehci_hcd: USB 2.0 'Enhanced' Host Controller (EHCI) Driver
[    3.323025] ehci-pci: EHCI PCI platform driver
[    3.324052] ehci-platform: EHCI generic platform driver
[    3.324180] ohci_hcd: USB 1.1 'Open' Host Controller (OHCI) Driver
[    3.326542] ohci-pci: OHCI PCI platform driver
[    3.327540] ohci-platform: OHCI generic platform driver
[    3.328708] uhci_hcd: USB Universal Host Controller Interface driver
[    3.330100] i8042: PNP: PS/2 Controller [PNP0303:PS2K,PNP0f03:PS2M] at 0x60,0x64 irq 1,12
[    3.332499] serio: i8042 KBD port at 0x60,0x64 irq 1
[    3.333623] serio: i8042 AUX port at 0x60,0x64 irq 12
[    3.335038] mousedev: PS/2 mouse device common for all mice
[    3.336832] input: AT Translated Set 2 keyboard as /devices/platform/i8042/serio0/input/input2
[    3.339650] rtc_cmos rtc_cmos: rtc core: registered rtc_cmos as rtc0
[    3.341457] rtc_cmos rtc_cmos: alarms up to one day, 114 bytes nvram
[    3.342783] i2c /dev entries driver
[    3.343683] device-mapper: uevent: version 1.0.3
[    3.345138] device-mapper: ioctl: 4.34.0-ioctl (2015-10-28) initialised: dm-devel@redhat.com
[    3.347047] ledtrig-cpu: registered to indicate activity on CPUs
[    3.357206] NET: Registered protocol family 10
[    3.373775] NET: Registered protocol family 17
[    3.374924] Key type dns_resolver registered
[    3.376300] microcode: CPU0: patch_level=0x010000bf
[    3.383713] microcode: CPU1: patch_level=0x010000bf
[    3.421596] microcode: Microcode Update Driver: v2.01 <tigran@aivazian.fsnet.co.uk>, Peter Oruba
[    3.425754] registered taskstats version 1
[    3.426788] Loading compiled-in X.509 certificates
[    3.428823] Loaded X.509 cert 'Build time autogenerated kernel key: 35105354eb779045e4d9ad793dead39d5ee93f76'
[    3.431118] zswap: loaded using pool lzo/zbud
[    3.435568] Key type trusted registered
[    3.442787] Key type encrypted registered
[    3.443829] AppArmor: AppArmor sha1 policy hashing enabled
[    3.445013] ima: No TPM chip found, activating TPM-bypass!
[    3.446303] evm: HMAC attrs: 0x1
[    3.447895]   Magic number: 9:542:243
[    3.448956] rtc_cmos rtc_cmos: setting system clock to 2017-07-18 19:14:56 UTC (1500405296)
[    3.451998] BIOS EDD facility v0.16 2004-Jun-25, 0 devices found
[    3.453685] EDD information not available.
[    3.470734] Freeing unused kernel memory: 1488K (ffffffff81f45000 - ffffffff820b9000)
[    3.758204] Write protecting the kernel read-only data: 14336k
[    3.962937] Freeing unused kernel memory: 1760K (ffff880001848000 - ffff880001a00000)
[    4.123990] Freeing unused kernel memory: 112K (ffff880001de4000 - ffff880001e00000)
Loading, please [    4.217889] random: systemd-udevd: uninitialized urandom read (16 bytes read, 2 bits of entropy available)
wait...
startin[    4.223328] random: udevadm: uninitialized urandom read (16 bytes read, 2 bits of entropy available)
g version 229
[    4.223388] random: udevadm: uninitialized urandom read (16 bytes read, 2 bits of entropy available)
[    4.223550] random: udevadm: uninitialized urandom read (16 bytes read, 2 bits of entropy available)
[    4.223598] random: udevadm: uninitialized urandom read (16 bytes read, 2 bits of entropy available)
[    4.223648] random: udevadm: uninitialized urandom read (16 bytes read, 2 bits of entropy available)
[    4.223697] random: udevadm: uninitialized urandom read (16 bytes read, 2 bits of entropy available)
[    4.223745] random: udevadm: uninitialized urandom read (16 bytes read, 2 bits of entropy available)
[    4.223793] random: udevadm: uninitialized urandom read (16 bytes read, 2 bits of entropy available)
[    4.223838] random: udevadm: uninitialized urandom read (16 bytes read, 2 bits of entropy available)
[    5.485931] e1000: Intel(R) PRO/1000 Network Driver - version 7.3.21-k8-NAPI
[    5.498662] e1000: Copyright (c) 1999-2006 Intel Corporation.
[    5.505909] Fusion MPT base driver 3.04.20
[    5.582032] Copyright (c) 1999-2008 LSI Corporation
[    5.673023] Fusion MPT SPI Host driver 3.04.20
[    5.928551] e1000 0000:00:03.0 eth0: (PCI:33MHz:32-bit) 02:45:a7:eb:b0:fd
[    5.930080] e1000 0000:00:03.0 eth0: Intel(R) PRO/1000 Network Connection
[    5.956069] input: ImExPS/2 Generic Explorer Mouse as /devices/platform/i8042/serio1/input/input4
[    6.271449] e1000 0000:00:08.0 eth1: (PCI:33MHz:32-bit) 08:00:27:66:65:81
[    6.273116] e1000 0000:00:08.0 eth1: Intel(R) PRO/1000 Network Connection
[    6.278125] mptbase: ioc0: Initiating bringup
[    6.280280] e1000 0000:00:03.0 enp0s3: renamed from eth0
[    6.324600] e1000 0000:00:08.0 enp0s8: renamed from eth1
[    6.340408] ioc0: LSI53C1030 A0: Capabilities={Initiator}
[    6.506887] scsi host2: ioc0: LSI53C1030 A0, FwRev=00000000h, Ports=1, MaxQ=256, IRQ=20
[    6.685600] scsi 2:0:0:0: Direct-Access     VBOX     HARDDISK         1.0  PQ: 0 ANSI: 5
[    6.695291] scsi target2:0:0: Beginning Domain Validation
[    6.698783] scsi target2:0:0: Domain Validation skipping write tests
[    6.700698] scsi target2:0:0: Ending Domain Validation
[    6.701842] scsi target2:0:0: asynchronous
[    6.713274] scsi 2:0:1:0: Direct-Access     VBOX     HARDDISK         1.0  PQ: 0 ANSI: 5
[    7.005856] scsi target2:0:1: Beginning Domain Validation
[    7.171971] scsi target2:0:1: Domain Validation skipping write tests
[    7.193149] scsi target2:0:1: Ending Domain Validation
[    7.194455] scsi target2:0:1: asynchronous
[    7.209791] sd 2:0:0:0: [sda] 20971520 512-byte logical blocks: (10.7 GB/10.0 GiB)
[    7.281949] sd 2:0:0:0: [sda] Write Protect is off
[    7.282005] sd 2:0:0:0: Attached scsi generic sg0 type 0
[    7.282600] sd 2:0:1:0: [sdb] 20480 512-byte logical blocks: (10.5 MB/10.0 MiB)
[    7.282717] sd 2:0:1:0: [sdb] Write Protect is off
[    7.282870] sd 2:0:1:0: [sdb] Incomplete mode parameter data
[    7.282872] sd 2:0:1:0: [sdb] Assuming drive cache: write through
[    7.283587] sd 2:0:1:0: Attached scsi generic sg1 type 0
[    7.293267] sd 2:0:1:0: [sdb] Attached SCSI disk
[    7.594450] sd 2:0:0:0: [sda] Incomplete mode parameter data
[    7.595774] sd 2:0:0:0: [sda] Assuming drive cache: write through
[    7.599261]  sda: sda1
[    7.601209] sd 2:0:0:0: [sda] Attached SCSI disk
[    8.501633] floppy0: no floppy controllers found
Begin: Loading e[    9.974044] md: linear personality registered for level -1
ssential drivers ... [   10.014859] md: multipath personality registered for level -4
[   10.046864] md: raid0 personality registered for level 0
[   10.059627] md: raid1 personality registered for level 1
[   10.136185] raid6: sse2x1   gen()  3439 MB/s
[   10.210678] raid6: sse2x1   xor()  2918 MB/s
[   10.276468] raid6: sse2x2   gen()  2924 MB/s
[   10.344085] raid6: sse2x2   xor()  6491 MB/s
[   10.412116] raid6: sse2x4   gen()  6783 MB/s
[   10.484129] raid6: sse2x4   xor()  4216 MB/s
[   10.485119] raid6: using algorithm sse2x4 gen() 6783 MB/s
[   10.486258] raid6: .... xor() 4216 MB/s, rmw enabled
[   10.487329] raid6: using intx1 recovery algorithm
[   10.495263] xor: measuring software checksum speed
[   10.540080]    prefetch64-sse: 11895.000 MB/sec
[   10.580128]    generic_sse: 11534.000 MB/sec
[   10.581111] xor: using function: prefetch64-sse (11895.000 MB/sec)
[   10.593112] async_tx: api initialized (async)
[   10.607722] md: raid6 personality registered for level 6
[   10.608970] md: raid5 personality registered for level 5
[   10.610126] md: raid4 personality registered for level 4
[   10.621674] md: raid10 personality registered for level 10
done.
Begin: Running /scripts/init-premount ... done.
Begin: Mounting root file system ... Begin: Running /scripts/local-top ... done.
Begin: Running /scripts/local-premount ... [   10.681751] Btrfs loaded
Scanning for Btrfs filesystems
done.
Warning: fsck not present, so skipping root file system
[   10.750245] EXT4-fs (sda1): mounted filesystem with ordered data mode. Opts: (null)
done.
Begin: Running /scripts/local-bottom ... done.
Begin: Running /scripts/init-bottom ... done.
[   11.004224] systemd[1]: systemd 229 running in system mode. (+PAM +AUDIT +SELINUX +IMA +APPARMOR +SMACK +SYSVINIT +UTMP +LIBCRYPTSETUP +GCRYPT +GNUTLS +ACL +XZ -LZ4 +SECCOMP +BLKID +ELFUTILS +KMOD -IDN)
[   11.009262] systemd[1]: Detected virtualization oracle.
[   11.010668] systemd[1]: Detected architecture x86-64.

Welcome to [1mUbuntu 16.04.2 LTS[0m!

[   11.077163] systemd[1]: Set hostname to <ubuntu>.
[   11.087039] systemd[1]: Initializing machine ID from random generator.
[   11.106141] systemd[1]: Installed transient /etc/machine-id file.
[   11.421423] systemd[1]: Listening on Syslog Socket.
[[0;32m  OK  [0m] Listening on Syslog Socket.
[   11.597012] systemd[1]: Listening on Journal Socket.
[[0;32m  OK  [0m] Listening on Journal Socket.
[   11.786008] systemd[1]: Created slice System Slice.
[[0;32m  OK  [0m] Created slice System Slice.
[   11.884448] systemd[1]: Started Trigger resolvconf update for networkd DNS.
[[0;32m  OK  [0m] Started Trigger resolvconf update for networkd DNS.
[   11.972444] systemd[1]: Listening on Device-mapper event daemon FIFOs.
[[0;32m  OK  [0m] Listening on Device-mapper event daemon FIFOs.
[   12.112239] systemd[1]: Reached target User and Group Name Lookups.
[[0;32m  OK  [0m] Reached target User and Group Name Lookups.
[   12.201840] systemd[1]: Started Forward Password Requests to Wall Directory Watch.
[[0;32m  OK  [0m] Started Forward Password Requests to Wall Directory Watch.
[   12.312826] systemd[1]: Created slice system-serial\x2dgetty.slice.
[[0;32m  OK  [0m] Created slice system-serial\x2dgetty.slice.
[   12.388415] systemd[1]: Mounting Huge Pages File System...
         Mounting Huge Pages File System...
[   12.460584] systemd[1]: Starting Set console keymap...
         Starting Set console keymap...
[   12.503302] systemd[1]: Listening on Journal Audit Socket.
[[0;32m  OK  [0m] Listening on Journal Audit Socket.
[   12.506755] systemd[1]: Starting Create list of required static device nodes for the current kernel...
         Starting Create list of required st... nodes for the current kernel...
[   12.511451] systemd[1]: Mounting POSIX Message Queue File System...
         Mounting POSIX Message Queue File System...
[   12.513976] systemd[1]: Reached target Swap.
[[0;32m  OK  [0m] Reached target Swap.
[   12.517920] systemd[1]: Created slice User and Session Slice.
[[0;32m  OK  [0m] Created slice User and Session Slice.
[   12.520129] systemd[1]: Reached target Slices.
[[0;32m  OK  [0m] Reached target Slices.
[   12.520129] systemd[1]: Listening on /dev/initctl Compatibility Named Pipe.
[[0;32m  OK  [0m] Listening on /dev/initctl Compatibility Named Pipe.
[   12.525433] systemd[1]: Listening on udev Kernel Socket.
[[0;32m  OK  [0m] Listening on udev Kernel Socket.
[   12.528452] systemd[1]: Starting Remount Root and Kernel File Systems...
         Starting Remount Root and Kernel File Systems...
[   12.528452] systemd[1]: Reached target Encrypted Volumes.
[[0;32m  OK  [0m] Reached target Encrypted Volumes.
[   12.538871] systemd[1]: Starting Load Kernel Modules...
         Starting Load Kernel Modules...
[   12.542710] systemd[1]: Set up automount Arbitrary Executable File Formats File System Automount Point.
[[0;32m  OK  [0m] Set up automount Arbitrary Executab...ats File System Automount Point.
[   12.551326] systemd[1]: Starting Uncomplicated firewall...
[   12.558454] EXT4-fs (sda1): re-mounted. Opts: (null)
         Starting Uncomplicated firewall...
[   12.585923] systemd[1]: Listening on udev Control Socket.
[   12.753171] Loading iSCSI transport class v2.0-870.
[[0;32m  OK  [[   12.760211] random: nonblocking pool is initialized
0m] Listening on udev Control Socket.
[   12.786386] systemd[1]: Listening on LVM2 poll daemon socket.
[[0;32m  OK  [0m] Listening on LVM2 poll daemon socket.
[   12.924640] systemd[1]: Listening on LVM2 metadata daemon socket.
[[0;32m  OK  [0m] Listening on LVM2 metadata daemon socket.
[   12.940235] iscsi: registered transport (tcp)
[   12.962495] systemd[1]: Starting Monitoring of LVM2 mirrors, snapshots etc. using dmeventd or progress polling...
         Starting Monitoring of LVM2 mirrors... dmeventd or progress polling...
[   12.976729] systemd[1]: Starting Nameserver information manager...
         Startin[   13.076308] iscsi: registered transport (iser)
g Nameserver information manager...
[   13.091929] systemd[1]: Listening on Journal Socket (/dev/log).
[[0;32m  OK  [0m] Listening on Journal Socket (/dev/log).
[   13.168620] systemd[1]: Starting Journal Service...
         Starting Journal Service...
[   13.416375] systemd[1]: Mounting Debug File System...
         Mounting Debug File System...
[   13.483246] systemd[1]: Mounted Debug File System.
[[0;32m  OK  [0m] Mounted Debug File System.
[   13.485470] systemd[1]: Mounted POSIX Message Queue File System.
[[0;32m  OK  [0m] Mounted POSIX Message Queue File System.
[   13.487819] systemd[1]: Mounted Huge Pages File System.
[[0;32m  OK  [0m] Mounted Huge Pages File System.
[   13.490195] systemd[1]: Started Journal Service.
[[0;32m  OK  [0m] Started Journal Service.
[[0;32m  OK  [0m] Started Set console keymap.
[[0;32m  OK  [0m] Started Create list of required sta...ce nodes for the current kernel.
[[0;32m  OK  [0m] Started Remount Root and Kernel File Systems.
[[0;32m  OK  [0m] Started Load Kernel Modules.
[[0;32m  OK  [0m] Started Uncomplicated firewall.
[[0;32m  OK  [0m] Started Nameserver information manager.
[[0;32m  OK  [0m] Started LVM2 metadata daemon.
         Starting Apply Kernel Variables...
         Mounting FUSE Control File System...
         Starting udev Coldplug all Devices...
         Starting Load/Save Random Seed...
         Starting Initial cloud-init job (pre-networking)...
         Starting Create Static Device Nodes in /dev...
         Starting Flush Journal to Persistent Storage...
[[0;32m  OK  [0m] Mounted FUSE Control File System.
[[0;32m  OK  [0m] Started Apply Kernel Variables.
[[0;32m  OK  [0m] Started Load/Save Random Seed.
[[0;32m  OK  [0m] Started Create Static Device Nodes in /dev.
[[0;32m  OK  [0m] Started Flush Journal to Persistent Storage.
         Starting udev Kernel Device Manager...
[[0;32m  OK  [0m] Started udev Coldplug all Devices.
[[0;32m  OK  [0m] Started udev Kernel Device Manager.
[[0;32m  OK  [0m] Started Dispatch Password Requests to Console Directory Watch.
[[0;32m  OK  [0m] Found device /dev/ttyS0.
[[0;32m  OK  [0m] Started Monitoring of LVM2 mirrors,...ng dmeventd or progress polling.
[[0;32m  OK  [0m] Reached target Local File Systems (Pre).
[[0;32m  OK  [0m] Reached target Local File Systems.
         Starting Commit a transient machine-id on disk...
         Starting LSB: AppArmor initialization...
         Starting Set console font and keymap...
         Starting Tell Plymouth To Write Out Runtime Data...
         Starting Create Volatile Files and Directories...
[[0;32m  OK  [0m] Started Tell Plymouth To Write Out Runtime Data.
[[0;32m  OK  [0m] Started Create Volatile Files and Directories.
         Starting Update UTMP about System Boot/Shutdown...
[[0;32m  OK  [0m] Reached target System Time Synchronized.
[[0;32m  OK  [0m] Started Commit a transient machine-id on disk.
[[0;32m  OK  [0m] Started Update UTMP about System Boot/Shutdown.
[[0;32m  OK  [0m] Listening on Load/Save RF Kill Switch Status /dev/rfkill Watch.
[[0;32m  OK  [0m] Started Set console font and keymap.
[[0;32m  OK  [0m] Created slice system-getty.slice.
[   16.163312] cloud-init[436]: Cloud-init v. 0.7.9 running 'init-local' at Tue, 18 Jul 2017 19:15:08 +0000. Up 15.51 seconds.
[[0;32m  OK  [0m] Started Initial cloud-init job (pre-networking).
[[0;32m  OK  [0m] Reached target Network (Pre).
[[0;32m  OK  [0m] Started LSB: AppArmor initialization.
         Starting Raise network interfaces...
[[0;32m  OK  [0m] Started Raise network interfaces.
[[0;32m  OK  [0m] Reached target Network.
         Starting Initial cloud-init job (metadata service crawler)...
[   19.644466] cloud-init[938]: Cloud-init v. 0.7.9 running 'init' at Tue, 18 Jul 2017 19:15:11 +0000. Up 18.25 seconds.
[   19.677494] cloud-init[938]: ci-info: ++++++++++++++++++++++++++++++++++++++Net device info++++++++++++++++++++++++++++++++++++++
[   19.683959] cloud-init[938]: ci-info: +--------+-------+----------------------------+---------------+-------+-------------------+
[   19.687262] cloud-init[938]: ci-info: | Device |   Up  |          Address           |      Mask     | Scope |     Hw-Address    |
[   19.694082] cloud-init[938]: ci-info: +--------+-------+----------------------------+---------------+-------+-------------------+
[   19.706922] cloud-init[938]: ci-info: | enp0s3 |  True |         10.0.2.15          | 255.255.255.0 |   .   | 02:45:a7:eb:b0:fd |
[   19.709751] cloud-init[938]: ci-info: | enp0s3 |  True | fe80::45:a7ff:feeb:b0fd/64 |       .       |  link | 02:45:a7:eb:b0:fd |
[   19.720039] cloud-init[938]: ci-info: | enp0s8 | False |             .              |       .       |   .   | 08:00:27:66:65:81 |
[   19.723951] cloud-init[938]: ci-info: |   lo   |  True |         127.0.0.1          |   255.0.0.0   |   .   |         .         |
[   19.728993] cloud-init[938]: ci-info: |   lo   |  True |          ::1/128           |       .       |  host |         .         |
[   19.734737] cloud-init[938]: ci-info: +--------+-------+----------------------------+---------------+-------+-------------------+
[   19.739681] cloud-init[938]: ci-info: +++++++++++++++++++++++++++Route IPv4 info++++++++++++++++++++++++++++
[   19.744422] cloud-init[938]: ci-info: +-------+-------------+----------+---------------+-----------+-------+
[   19.750167] cloud-init[938]: ci-info: | Route | Destination | Gateway  |    Genmask    | Interface | Flags |
[   19.754126] cloud-init[938]: ci-info: +-------+-------------+----------+---------------+-----------+-------+
[   19.757975] cloud-init[938]: ci-info: |   0   |   0.0.0.0   | 10.0.2.2 |    0.0.0.0    |   enp0s3  |   UG  |
[   19.761835] cloud-init[938]: ci-info: |   1   |   10.0.2.0  | 0.0.0.0  | 255.255.255.0 |   enp0s3  |   U   |
[   19.765382] cloud-init[938]: ci-info: +-------+-------------+----------+---------------+-----------+-------+
[   19.769937] cloud-init[938]: Generating public/private rsa key pair.
[   19.772652] cloud-init[938]: Your identification has been saved in /etc/ssh/ssh_host_rsa_key.
[   19.778073] cloud-init[938]: Your public key has been saved in /etc/ssh/ssh_host_rsa_key.pub.
[   19.784771] cloud-init[938]: The key fingerprint is:
[   19.788909] cloud-init[938]: SHA256:hm6Fkx+pYF9iwKMTD05Cb5SItAokXs7VxUpA7nmd3D8 root@ubuntu-xenial
[   19.793954] cloud-init[938]: The key's randomart image is:
[   19.800445] cloud-init[938]: +---[RSA 2048]----+
[   19.803340] cloud-init[938]: |++.oo+o o.       |
[   19.805624] cloud-init[938]: |*.Boo  o .       |
[   19.812475] cloud-init[938]: |oo+=+.. .        |
[   19.827855] cloud-init[938]: |o+.=.o.=o.o      |
[   19.833351] cloud-init[938]: |. + +oB.S+ .     |
[   19.836152] cloud-init[938]: |   o =.O .  .    |
[   19.838061] cloud-init[938]: |      = .    E   |
[   19.841838] cloud-init[938]: |     .        .  |
[   19.844154] cloud-init[938]: |                 |
[   19.857176] cloud-init[938]: +----[SHA256]-----+
[   19.861217] cloud-init[938]: Generating public/private dsa key pair.
[   19.869921] cloud-init[938]: Your identification has been saved in /etc/ssh/ssh_host_dsa_key.
[   19.873636] cloud-init[938]: Your public key has been saved in /etc/ssh/ssh_host_dsa_key.pub.
[   19.877561] cloud-init[938]: The key fingerprint is:
[   19.882548] cloud-init[938]: SHA256:WYuuRJu2ArG4UwL/qRb2icIl9yK9ixXSRcKDQ1ooPiU root@ubuntu-xenial
[   19.889581] cloud-init[938]: The key's randomart image is:
[   19.902431] cloud-init[938]: +---[DSA 1024]----+
[   19.906191] cloud-init[938]: |.o+. .           |
[   19.908443] cloud-init[938]: |+E +o            |
[   19.910125] cloud-init[938]: |+ + ..    .      |
[   19.914978] cloud-init[938]: |.oo .    + .     |
[   19.920825] cloud-init[938]: |.+.=  . S .      |
[   19.926894] cloud-init[938]: |o.Oo.. +         |
[   19.934676] cloud-init[938]: |.==B.o= .        |
[   19.942387] cloud-init[938]: |+o=o*+ o         |
[   19.945370] cloud-init[938]: | =o++.o          |
[   19.951212] cloud-init[938]: +----[SHA256]-----+
[   19.954742] cloud-init[938]: Generating public/private ecdsa key pair.
[   19.958580] cloud-init[938]: Your identification has been saved in /etc/ssh/ssh_host_ecdsa_key.
[   19.962747] cloud-init[938]: Your public key has been saved in /etc/ssh/ssh_host_ecdsa_key.pub.
[   19.971832] cloud-init[938]: The key fingerprint is:
[   19.975438] cloud-init[938]: SHA256:u617C7zcBtIgbnf0hqeSLrZOVlVP0GMvPO6ukO9P0kA root@ubuntu-xenial
[   19.981083] cloud-init[938]: The key's randomart image is:
[   19.990459] cloud-init[938]: +---[ECDSA 256]---+
[   19.992917] cloud-init[938]: |          oo.    |
[   19.994611] cloud-init[938]: |         . o+    |
[   20.001601] cloud-init[938]: |        . Eo.o   |
[   20.006555] cloud-init[938]: |    . ....  + .  |
[   20.014093] cloud-init[938]: |   . ..+So.. o   |
[   20.017718] cloud-init[938]: |    o.o.=o+o.    |
[   20.021608] cloud-init[938]: |   .o. +*=..o    |
[   20.027584] cloud-init[938]: |   oo o..Ooo.    |
[   20.034788] cloud-init[938]: |   oo+..**B=o    |
[   20.042543] cloud-init[938]: +----[SHA256]-----+
[   20.088673] cloud-init[938]: Generating public/private ed25519 key pair.
[[0;32m  OK  [0m] Started Initial cloud-init job (metadata service crawler).
[   20.190816] cloud-init[938]: Your identification has been saved in /etc/ssh/ssh_host_ed25519_key.
[   20.224834] cloud-init[938]: Your public key has been saved in /etc/ssh/ssh_host_ed25519_key.pub.
[   20.228423] cloud-init[938]: The key fingerprint is:
[   20.234449] cloud-init[938]: SHA256:ugczqLVibn0AJgVH/7v0ibBJp0wVJNza0Ecczd06+Vk root@ubuntu-xenial
[   20.236154] cloud-init[938]: The key's randomart image is:
[[0;32m  OK  [0m] Reached target System Initialization.
[   20.244196] cloud-init[938]: +--[ED25519 256]--+
[[0;32m  OK  [0m] Started Daily Cleanup of Temporary Directories.
[[0;32m  OK  [0m] Listening on ACPID Listen Socket.
         Starting Socket activation for snappy daemon.
[   20.244580] cloud-init[938]: |.oo..o.oo+ . .   |
[   20.285792] cloud-init[938]: | ...ooo o o . .  |
[   20.289003] cloud-init[938]: | .  .+..     o   |
[[0;32m  OK  [0m] Started ACPI Events Check.
[[0;32m  OK  [0m] Reached target Paths.
[[0;32m  OK  [0m] Listening on D-Bus System Message Bus Socket.
[   20.293378] cloud-init[938]: |. o ....    +   E|
[   20.301725] cloud-init[938]: | o . .o S    o o |
[   20.302818] cloud-init[938]: |    +.+o      o  |
[   20.305068] cloud-init[938]: |   ++o=+         |
[   20.307627] cloud-init[938]: |  =+oB.=..       |
[   20.309891] cloud-init[938]: | +..=.+.o        |
[   20.312876] cloud-init[938]: +----[SHA256]-----+
[[0;32m  OK  [0m] Started Timer to automatically refresh installed snaps.
         Starting LXD - unix socket.
[[0;32m  OK  [0m] Started Daily apt activities.
[[0;32m  OK  [0m] Reached target Timers.
[[0;32m  OK  [0m] Listening on UUID daemon activation socket.
[[0;32m  OK  [0m] Reached target Cloud-config availability.
[[0;32m  OK  [0m] Reached target Network is Online.
         Starting iSCSI initiator daemon (iscsid)...
[[0;32m  OK  [0m] Listening on Socket activation for snappy daemon.
[[0;32m  OK  [0m] Listening on LXD - unix socket.
[[0;32m  OK  [0m] Reached target Sockets.
[[0;32m  OK  [0m] Reached target Basic System.
         Starting Apply the settings specified in cloud-config...
[[0;32m  OK  [0m] Started Unattended Upgrades Shutdown.
[[0;32m  OK  [0m] Started Snappy daemon.
         Starting System Logging Service...
         Starting LXD - container startup/shutdown...
         Starting Login Service...
[[0;32m  OK  [0m] Started FUSE filesystem for LXC.
         Starting Accounts Service...
[[0;32m  OK  [0m] Started ACPI event daemon.
         Starting /etc/rc.local Compatibility...
         Starting Pollinate to seed the pseudo random number generator...
         Starting LSB: MD monitoring daemon...
         Starting LSB: Record successful boot for GRUB...
[[0;32m  OK  [0m] Started Deferred execution scheduler.
         Starting Auto import assertions from block devices...
[[0;32m  OK  [0m] Started D-Bus System Message Bus.
[[0;32m  OK  [0m] Started Regular background program processing daemon.
[[0;32m  OK  [0m] Started System Logging Service.
[[0;32m  OK  [0m] Started /etc/rc.local Compatibility.
[[0;32m  OK  [0m] Started Auto import assertions from block devices.
[[0;32m  OK  [0m] Started iSCSI initiator daemon (iscsid).
[[0;32m  OK  [0m] Started LXD - container startup/shutdown.
         Starting Authenticate and Authorize Users to Run Privileged Tasks...
         Starting Login to default iSCSI targets...
[[0;32m  OK  [0m] Started LSB: Record successful boot for GRUB.
[[0;32m  OK  [0m] Started Login Service.
[[0;32m  OK  [0m] Started LSB: MD monitoring daemon.
[[0;32m  OK  [0m] Started Authenticate and Authorize Users to Run Privileged Tasks.
[[0;32m  OK  [0m] Started Login to default iSCSI targets.
[[0;32m  OK  [0m] Started Accounts Service.
[[0;32m  OK  [0m] Reached target Remote File Systems (Pre).
[[0;32m  OK  [0m] Reached target Remote File Systems.
         Starting LSB: daemon to balance interrupts for SMP systems...
         Starting LSB: Set the CPU Frequency Scaling governor to "ondemand"...
         Starting LSB: VirtualBox Linux Additions...
         Starting LSB: automatic crash report generation...
         Starting Permit User Sessions...
[   22.614237] cloud-init[1029]: Generating locales (this might take a while)...
[[0;32m  OK  [0m] Started Permit User Sessions.
         Starting Terminate Plymouth Boot Screen...
         Starting Hold until boot process finishes up...
[[0;32m  OK  [0m] Started LSB: daemon to balance interrupts for SMP systems.
[[0;32m  OK  [0m] Started LSB: Set the CPU Frequency Scaling governor to "ondemand".
[[0;32m  OK  [0m] Started LSB: automatic crash report generation.
[[0;32m  OK  [0m] Started Terminate Plymouth Boot Screen.
[[0;32m  OK  [0m] Started Hold until boot process finishes up.
[[0;32m  OK  [0m] Started Serial Getty on ttyS0.
[[0;32m  OK  [0m] Started Getty on tty1.
[[0;32m  OK  [0m] Reached target Login Prompts.
         Starting Set console scheme...
[[0;32m  OK  [0m] Started Set console scheme.
[[0;32m  OK  [0m] Started LSB: VirtualBox Linux Additions.
[   24.453111] cloud-init[1029]:   en_US.UTF-8... done
[   24.490256] cloud-init[1029]: Generation complete.
[[0;32m  OK  [0m] Stopped OpenBSD Secure Shell server.
         Starting OpenBSD Secure Shell server...
[[0;32m  OK  [0m] Started OpenBSD Secure Shell server.
[[0;32m  OK  [0m] Created slice User Slice of ubuntu.
         Starting User Manager for UID 1000...
[[0;32m  OK  [0m] Started Session 1 of user ubuntu.
[[0;32m  OK  [0m] Started User Manager for UID 1000.
[   25.437741] cloud-init[1029]: Cloud-init v. 0.7.9 running 'modules:config' at Tue, 18 Jul 2017 19:15:15 +0000. Up 22.25 seconds.
[[0;32m  OK  [0m] Started Apply the settings specified in cloud-config.

Ubuntu 16.04.2 LTS ubuntu-xenial ttyS0

ubuntu-xenial login: ci-info: +++++Authorized keys from /home/ubuntu/.ssh/authorized_keys for user ubuntu++++++
ci-info: +---------+-------------------------------------------------+---------+---------+
ci-info: | Keytype |                Fingerprint (md5)                | Options | Comment |
ci-info: +---------+-------------------------------------------------+---------+---------+
ci-info: | ssh-rsa | 46:ec:3e:9b:e6:1c:93:57:c1:18:4b:04:be:63:6b:73 |    -    | vagrant |
ci-info: +---------+-------------------------------------------------+---------+---------+
<14>Jul 18 19:15:26 ec2: 
<14>Jul 18 19:15:26 ec2: #############################################################
<14>Jul 18 19:15:26 ec2: -----BEGIN SSH HOST KEY FINGERPRINTS-----
<14>Jul 18 19:15:26 ec2: 1024 SHA256:WYuuRJu2ArG4UwL/qRb2icIl9yK9ixXSRcKDQ1ooPiU root@ubuntu-xenial (DSA)
<14>Jul 18 19:15:26 ec2: 256 SHA256:u617C7zcBtIgbnf0hqeSLrZOVlVP0GMvPO6ukO9P0kA root@ubuntu-xenial (ECDSA)
<14>Jul 18 19:15:26 ec2: 256 SHA256:ugczqLVibn0AJgVH/7v0ibBJp0wVJNza0Ecczd06+Vk root@ubuntu-xenial (ED25519)
<14>Jul 18 19:15:26 ec2: 2048 SHA256:hm6Fkx+pYF9iwKMTD05Cb5SItAokXs7VxUpA7nmd3D8 root@ubuntu-xenial (RSA)
<14>Jul 18 19:15:26 ec2: -----END SSH HOST KEY FINGERPRINTS-----
<14>Jul 18 19:15:26 ec2: #############################################################
-----BEGIN SSH HOST KEY KEYS-----
ecdsa-sha2-nistp256 AAAAE2VjZHNhLXNoYTItbmlzdHAyNTYAAAAIbmlzdHAyNTYAAABBBOy1pwKfKTzLN7wThM7NnI843GBO9GVppgZf4kjAGqwQ24qWlCJB63bmgfxtogd3xrG0OXBCG5oOK0IHr9oIuaI= root@ubuntu-xenial
ssh-ed25519 AAAAC3NzaC1lZDI1NTE5AAAAII/k5BoCiUR1XlFRSBubIB/ZU5vhkvNWHrbK43s78MDY root@ubuntu-xenial
ssh-rsa AAAAB3NzaC1yc2EAAAADAQABAAABAQCpd7Sajokoq1cVwmsQaGH8AhuK7W+c/IPk5SN37UvF1wNJLT+0Oqpe8ljGWnOzPcYU1DqRZ3+xhM9yXDQI1DBwdyVzArYkX+yZL8/md/c6N2hpl9g1C2EIhjnD8s8xC+RA/vhwMvM5Xv+uqvfZWWt/TtW5L1+8YL3CLTDGONS1DSEXK+bra21gFflH/l89KJJWys82TiB4nXgorya38X1gq7ECETO/rP8epuZeahz99Ad65CL3/m+1K/ct2m/FAkEKcDL1/vEoQld5zN14PzRF1wzVFDD+DdxQdxl8D3b9IQsUFSn766vQ+2+p1gZwWo9GYj53b4a7lzhYi4+VNwl5 root@ubuntu-xenial
-----END SSH HOST KEY KEYS-----
[   33.221195] cloud-init[1664]: Cloud-init v. 0.7.9 running 'modules:final' at Tue, 18 Jul 2017 19:15:26 +0000. Up 32.95 seconds.
[   33.221452] cloud-init[1664]: Cloud-init v. 0.7.9 finished at Tue, 18 Jul 2017 19:15:26 +0000. Datasource DataSourceNoCloud [seed=/dev/sdb][dsmode=net].  Up 33.20 seconds
